stm32f3xx_hal_msp.c:67:6:HAL_MspInit	8	static
stm32f3xx_hal_msp.c:91:6:HAL_ADC_MspInit	48	static
stm32f3xx_hal_msp.c:151:6:HAL_ADC_MspDeInit	0	static
stm32f3xx_hal_msp.c:202:6:HAL_DAC_MspInit	40	static
stm32f3xx_hal_msp.c:235:6:HAL_DAC_MspDeInit	0	static
stm32f3xx_hal_msp.c:263:6:HAL_I2C_MspInit	56	static
stm32f3xx_hal_msp.c:323:6:HAL_I2C_MspDeInit	0	static
stm32f3xx_hal_msp.c:370:6:HAL_TIM_Base_MspInit	56	static
stm32f3xx_hal_msp.c:436:6:HAL_TIM_Base_MspDeInit	8	static
stm32f3xx_hal_msp.c:494:6:HAL_UART_MspInit	48	static
stm32f3xx_hal_msp.c:530:6:HAL_UART_MspDeInit	0	static
